C51 COMPILER V9.53.0.0   MAIN                                                              09/19/2016 17:02:22 PAGE 1   


C51 COMPILER V9.53.0.0, COMPILATION OF MODULE MAIN
OBJECT MODULE PLACED IN main.OBJ
COMPILER INVOKED BY: C:\Keil123\C51\BIN\C51.exe main.c LARGE OPTIMIZE(9,SPEED) BROWSE INCDIR(.\;.\;.\) DEFINE(KEIL) DEBU
                    -G OBJECTEXTEND TABS(2)

line level    source

   1          /*C**************************************************************************
   2          * NAME:         main.c
   3          *----------------------------------------------------------------------------
   4          * Copyright (c) 2004 Atmel.
   5          *----------------------------------------------------------------------------
   6          * RELEASE:      c5131-usb-cdc-1_2_1      
   7          * REVISION:     1.3     
   8          *----------------------------------------------------------------------------
   9          * PURPOSE: 
  10          * This file contains an example of use of the USB controller.
  11          *
  12          *****************************************************************************/
  13          
  14          /*_____ I N C L U D E S ____________________________________________________*/
  15          
  16          
  17          #include "config.h"
  18          #include "modules/scheduler/scheduler.h"
  19          #include "lib_mcu/usb/uart_usb_lib.h"
  20          #ifndef HELLO_WORLD_DEMO
              #include "lib_mcu/uart/uart_lib.h"
              #endif
  23          /*_____ G L O B A L S ________________________________________________________*/
  24          
  25          /*_____ M A C R O S ________________________________________________________*/
  26          
  27          /*_____ D E F I N I T I O N S ______________________________________________*/
  28          
  29          /*_____ D E C L A R A T I O N S ____________________________________________*/
  30          
  31          /*F**************************************************************************
  32          * NAME: main 
  33          *----------------------------------------------------------------------------
  34          * PARAMS:   none
  35          * return:   none
  36          *----------------------------------------------------------------------------
  37          * PURPOSE: example of use of the USB controller
  38          *----------------------------------------------------------------------------
  39          * EXAMPLE:
  40          *----------------------------------------------------------------------------
  41          * NOTE: 
  42          *----------------------------------------------------------------------------
  43          * REQUIREMENTS: 
  44          *****************************************************************************/
  45          void main (void)
  46          {
  47   1        Set_x2_mode();
  48   1      
  49   1      #ifndef HELLO_WORLD_DEMO
                uart_init();
                uart_set_baudrate(115200);
              #endif
  53   1      
  54   1        Enable_interrupt();
C51 COMPILER V9.53.0.0   MAIN                                                              09/19/2016 17:02:22 PAGE 2   

  55   1      
  56   1        scheduler();
  57   1        while (1) {
  58   2          if ( uart_usb_tx_ready() && uart_usb_test_hit() ) {
  59   3            char c = uart_usb_getchar();
  60   3            uart_usb_putchar(c);
  61   3          }
  62   2        }
  63   1      }
  64          
  65          


MODULE INFORMATION:   STATIC OVERLAYABLE
   CODE SIZE        =     31    ----
   CONSTANT SIZE    =   ----    ----
   XDATA SIZE       =   ----       1
   PDATA SIZE       =   ----    ----
   DATA SIZE        =   ----    ----
   IDATA SIZE       =   ----    ----
   BIT SIZE         =   ----    ----
END OF MODULE INFORMATION.


C51 COMPILATION COMPLETE.  0 WARNING(S),  0 ERROR(S)
